=================================================================================
AZURE INFRASTRUCTURE INCIDENT LOG
Environment : Production
Region      : West Europe
Correlation ID : 7e41c9a2-88fd-4b31-9c55-2f6aa1d90b37
=================================================================================

2026-07-28T06:02:11.482Z INFO AppGateway Health Probe
Probe Target: payments-web-prod
Probe Result: Healthy
Latency: 84 ms

------------------------------------------------------------

2026-07-28T06:14:53.207Z WARN Payments Web App
Component: TokenProvider
Message: Authentication token refresh took 9.6 sec

Response Time:
9.6 sec

------------------------------------------------------------

2026-07-28T06:15:41.930Z ERROR Payments Web App

POST https://login.microsoftonline.com/contoso.onmicrosoft.com/oauth2/v2.0/token

HTTP Status:
401 Unauthorized

Response:
{
   "error":{
      "code":"InvalidClientSecret",
      "message":"The provided client secret keys are expired."
   }
}

------------------------------------------------------------

2026-07-28T06:15:44.118Z ERROR Key Vault Client

GET https://kv-payments-prod.vault.azure.net/secrets/payments-api-client-secret?api-version=7.4

HTTP Status:
403 Forbidden

Response:
{
   "error":{
      "code":"ForbiddenByPolicy",
      "message":"Access policy does not permit secret retrieval after rotation window closed."
   }
}

------------------------------------------------------------

2026-07-28T06:16:02.664Z ERROR Payments API

Operation:
Process Payment

Status:
FAILED

Failure Code:
AUTH_TOKEN_UNAVAILABLE

Message:
Downstream authentication unavailable, request rejected.

------------------------------------------------------------

2026-07-28T06:16:20.907Z WARN Azure Monitor

Alert:
App Service HTTP 5xx Spike

Severity:
High

Affected Resource:
payments-web-prod

------------------------------------------------------------

2026-07-28T06:21:34.551Z INFO Key Vault Administration

Action:
New client secret generated

Secret Name:
payments-api-client-secret

Expires:
2027-07-28

------------------------------------------------------------

2026-07-28T06:24:10.023Z INFO Payments Web App

Message:
Token refresh succeeded with rotated secret.

HTTP Status:
200 OK

------------------------------------------------------------

2026-07-28T06:26:47.310Z INFO Incident Recorder

Incident ID:
INC-20260728-100077

Severity:
SEV-2

Category:
Key Vault

Affected Service:
Payments Platform

Impact:
Payment processing rejected for 11 minutes due to expired client secret.

Root Cause (System Generated):
Application client secret expired before scheduled rotation; Key Vault access policy blocked retrieval of the replacement secret.

Recommendation:
- Enable Key Vault secret near-expiry alerts at 30, 14 and 7 days.
- Automate secret rotation with Managed Identity instead of client secrets.
- Add a canary transaction that exercises the full auth path every 5 minutes.

Incident Status:
Resolved

=================================================================================
END OF LOG
=================================================================================
